// Jest Snapshot v1, https://goo.gl/fbAQLP

exports[`AdminOrganisationsComponent renders with  1`] = `
<div
  className="border AdminOrganisationsComponent container"
>
  <div
    className="row"
  >
    <div
      className="col"
    >
      <div
        className="NewOrganisationButton"
      >
        <div
          className="row"
        >
          <div
            className="col"
          >
            <button
              aria-label={null}
              className="btn btn-primary"
              onClick={[Function]}
              type="button"
            >
              Add Organisation
            </button>
          </div>
        </div>
        
      </div>
    </div>
  </div>
  <div
    className="row"
  >
    <div
      className="col"
    >
      <div
        className="table-responsive"
      >
        <table
          className="table"
        >
          <thead>
            <tr>
              <th>
                Name
              </th>
              <th>
                Country
              </th>
              <th>
                City
              </th>
              <th>
                Address
              </th>
              <th>
                Postal code
              </th>
              <th />
              <th />
              <th />
            </tr>
          </thead>
          <tbody>
            <tr>
              <td>
                <span>
                  
                </span>
              </td>
              <td>
                <span>
                  
                </span>
              </td>
              <td>
                <span>
                  
                </span>
              </td>
              <td>
                <span>
                  
                </span>
              </td>
              <td>
                <span>
                  
                </span>
              </td>
              <td>
                <span>
                  Paused
                </span>
              </td>
              <td>
                <button
                  aria-label={null}
                  className="btn btn-danger"
                  onClick={[Function]}
                  type="button"
                >
                  Delete
                </button>
              </td>
              <td>
                <button
                  aria-label={null}
                  className="btn btn-secondary"
                  onClick={[Function]}
                  type="button"
                >
                  Edit
                </button>
              </td>
            </tr>
            <tr>
              <td>
                <span>
                  
                </span>
              </td>
              <td>
                <span>
                  
                </span>
              </td>
              <td>
                <span>
                  
                </span>
              </td>
              <td>
                <span>
                  
                </span>
              </td>
              <td>
                <span>
                  
                </span>
              </td>
              <td>
                <span>
                  Paused
                </span>
              </td>
              <td>
                <button
                  aria-label={null}
                  className="btn btn-danger"
                  onClick={[Function]}
                  type="button"
                >
                  Delete
                </button>
              </td>
              <td>
                <button
                  aria-label={null}
                  className="btn btn-secondary"
                  onClick={[Function]}
                  type="button"
                >
                  Edit
                </button>
              </td>
            </tr>
            <tr>
              <td>
                <span>
                  
                </span>
              </td>
              <td>
                <span>
                  
                </span>
              </td>
              <td>
                <span>
                  
                </span>
              </td>
              <td>
                <span>
                  
                </span>
              </td>
              <td>
                <span>
                  
                </span>
              </td>
              <td>
                <span>
                  Paused
                </span>
              </td>
              <td>
                <button
                  aria-label={null}
                  className="btn btn-danger"
                  onClick={[Function]}
                  type="button"
                >
                  Delete
                </button>
              </td>
              <td>
                <button
                  aria-label={null}
                  className="btn btn-secondary"
                  onClick={[Function]}
                  type="button"
                >
                  Edit
                </button>
              </td>
            </tr>
          </tbody>
        </table>
      </div>
    </div>
  </div>
</div>
`;
